Archive member included because of file (symbol)

../cmdline/libcmdline.a(cmd.o)
                              main.o (cmdline)
../libzebra/libzebra.a(command.o)
                              ../cmdline/libcmdline.a(cmd.o) (host)
../libzebra/libzebra.a(log.o)
                              ../cmdline/libcmdline.a(cmd.o) (zlog_default)
../libzebra/libzebra.a(memory.o)
                              ../libzebra/libzebra.a(command.o) (zmalloc)
../libzebra/libzebra.a(memtypes.o)
                              ../libzebra/libzebra.a(memory.o) (memory_list_lib)
../libzebra/libzebra.a(sigevent.o)
                              ../cmdline/libcmdline.a(cmd.o) (signal_init)
../libzebra/libzebra.a(thread.o)
                              ../libzebra/libzebra.a(command.o) (show_thread_cpu_cmd)
../libzebra/libzebra.a(vector.o)
                              ../libzebra/libzebra.a(command.o) (vector_init)
../libzebra/libzebra.a(vty.o)
                              ../libzebra/libzebra.a(command.o) (vty_out)
../libzebra/libzebra.a(workqueue.o)
                              ../libzebra/libzebra.a(command.o) (show_work_queues_cmd)
../libzebra/libzebra.a(buffer.o)
                              ../libzebra/libzebra.a(vty.o) (buffer_new)
../libzebra/libzebra.a(filter.o)
                              ../libzebra/libzebra.a(vty.o) (access_list_lookup)
../libzebra/libzebra.a(hash.o)
                              ../libzebra/libzebra.a(thread.o) (hash_create)
../libzebra/libzebra.a(linklist.o)
                              ../libzebra/libzebra.a(workqueue.o) (list_new)
../libzebra/libzebra.a(network.o)
                              ../libzebra/libzebra.a(vty.o) (set_nonblocking)
../libzebra/libzebra.a(pqueue.o)
                              ../libzebra/libzebra.a(thread.o) (pqueue_create)
../libzebra/libzebra.a(prefix.o)
                              ../libzebra/libzebra.a(filter.o) (prefix_match)
../libzebra/libzebra.a(privs.o)
                              ../libzebra/libzebra.a(vty.o) (zprivs_get_ids)
../libzebra/libzebra.a(sockunion.o)
                              ../libzebra/libzebra.a(vty.o) (sockunion2str)
../url/liburl.a(url.o)        naga_fct.o (naga_ori_url)
../url/liburl.a(url_cmd.o)    ../libzebra/libzebra.a(command.o) (ori_url_cmd_config_write)
../vsr/libvsr.a(vsr_cmd.o)    ../libzebra/libzebra.a(command.o) (vsr_cmd_config_write)
../vsr/libvsr.a(vsr_cmd_api.o)
                              ../vsr/libvsr.a(vsr_cmd.o) (rule_vsr_cmd_add)
../vsr/libvsr.a(vsr_api.o)    ../vsr/libvsr.a(vsr_cmd_api.o) (vsr_api_del_rule_by_index)
../vsr/libvsr.a(vsr_file.o)   ../vsr/libvsr.a(vsr_cmd.o) (vsr_tab_file)
../vsr/libvsr.a(vsr.o)        ../vsr/libvsr.a(vsr_api.o) (vsr_ip_num_dec)
../vsr/libvsr.a(vsr_dp.o)     main.o (vsr_dp_init)
../pid/libpid.a(pid.o)        main_data.o (naga_pid)
../pid/libpid.a(pid_ethernet.o)
                              ../pid/libpid.a(pid.o) (pid_ethernet)
../pid/libpid.a(pid_outerIp4.o)
                              ../pid/libpid.a(pid_ethernet.o) (pid_outerip4)
../pid/libpid.a(pid_l4.o)     ../pid/libpid.a(pid_outerIp4.o) (pid_L4)
../pid/libpid.a(pid_tcp.o)    ../pid/libpid.a(pid_l4.o) (pid_tcp)
../pid/libpid.a(pid_udp.o)    ../pid/libpid.a(pid_l4.o) (pid_udp)
../pid/libpid.a(pid_gre.o)    ../pid/libpid.a(pid_udp.o) (pid_gtpu)
../pid/libpid.a(pid_http.o)   ../pid/libpid.a(pid_tcp.o) (pid_http_up)
../pid/libpid.a(pid_innerIp4.o)
                              ../pid/libpid.a(pid_gre.o) (pid_innerip)
../http_parser/libhttp_parser.a(http_parser.o)
                              ../pid/libpid.a(pid_http.o) (http_parser_url_init)
../itf/libitf.a(itf_pcap.o)   main.o (itf_raw_socket_init)
../itf/libitf.a(itf_cmd.o)    ../libzebra/libzebra.a(command.o) (itf_cmd_config_write)
../itf/libitf.a(itf_stat.o)   ../itf/libitf.a(itf_cmd.o) (interface_stat_set)
../dmr/libdmr.a(dmr_dp.o)     main.o (dmr_dp_init)
../dmr/libdmr.a(dmr_cmd.o)    ../libzebra/libzebra.a(command.o) (dmr_cmd_config_write)
../dmr/libdmr.a(dmr.o)        ../dmr/libdmr.a(dmr_dp.o) (domin_default_acl)
../acr/libacr.a(acr_cmd.o)    ../libzebra/libzebra.a(command.o) (acr_cmd_config_write)
../acr/libacr.a(acr.o)        ../acr/libacr.a(acr_cmd.o) (acr_get)
../acr/libacr.a(acr_dp.o)     main.o (acr_dp_init)
../boots/libboots.a(bts_debug.o)
                              naga_fct.o (mod_array)
../boots/libboots.a(bts_cnt.o)
                              naga_acl.o (cnt_array)
../boots/libboots.a(bts_cmd.o)
                              ../cmdline/libcmdline.a(cmd.o) (bts_stat_log)
../boots/libboots.a(bts_hash.o)
                              ../vsr/libvsr.a(vsr_api.o) (bts_hash)
../boots/libboots.a(bts_hashtable.o)
                              ../dmr/libdmr.a(dmr.o) (bts_hashtable_init)
../boots/libboots.a(bts_linklist.o)
                              ../boots/libboots.a(bts_hashtable.o) (bts_list_delete_all_node)
../boots/libboots.a(bts_util.o)
                              ../dmr/libdmr.a(dmr.o) (bts_str_cmp)
[...]
Memory Configuration

Name             Origin             Length             Attributes
*default*        0x0000000000000000 0xffffffffffffffff

Linker script and memory map

LOAD /usr/lib/gcc/x86_64-redhat-linux/4.4.7/../../../../lib64/crt1.o
LOAD /usr/lib/gcc/x86_64-redhat-linux/4.4.7/../../../../lib64/crti.o
LOAD /usr/lib/gcc/x86_64-redhat-linux/4.4.7/crtbegin.o
LOAD naga_fct.o
LOAD naga_acl.o
LOAD main.o
LOAD main_data.o
LOAD ../cmdline/libcmdline.a
LOAD ../libzebra/libzebra.a
LOAD ../url/liburl.a
LOAD ../vsr/libvsr.a
LOAD ../pid/libpid.a
LOAD ../http_parser/libhttp_parser.a
LOAD ../itf/libitf.a
LOAD ../dmr/libdmr.a
LOAD ../acr/libacr.a
LOAD ../boots/libboots.a
LOAD ../pub/libpub.a
LOAD ../urlr/liburlr.a
LOAD ../mask/libmask.a
LOAD ../adp/libadp.a
LOAD ../template/libtemp.a
LOAD ../debug/libdebug.a
LOAD /usr/lib/gcc/x86_64-redhat-linux/4.4.7/../../../../lib64/libpthread.so
START GROUP
LOAD /lib64/libpthread.so.0
LOAD /usr/lib64/libpthread_nonshared.a
END GROUP
LOAD ../itf/libitf.a
LOAD ../netseg/libnetseg.a
LOAD ../dnet/libdnetseg.a
LOAD ../url/liburl.a
LOAD ../pcre-m/libpcre.a
LOAD ../hijack/libhijack.a
LOAD ../domain/libdomain.a
LOAD /usr/lib/gcc/x86_64-redhat-linux/4.4.7/../../../../lib64/libcrypt.so
LOAD /usr/lib/gcc/x86_64-redhat-linux/4.4.7/../../../../lib64/libreadline.so
LOAD /usr/lib/gcc/x86_64-redhat-linux/4.4.7/../../../../lib64/librt.so
LOAD /usr/lib/gcc/x86_64-redhat-linux/4.4.7/../../../../lib64/libpcap.so
LOAD /usr/lib/gcc/x86_64-redhat-linux/4.4.7/../../../../lib64/libpthread.so
START GROUP
LOAD /lib64/libpthread.so.0
LOAD /usr/lib64/libpthread_nonshared.a
END GROUP
LOAD /usr/lib/gcc/x86_64-redhat-linux/4.4.7/../../../../lib64/libz.so
START GROUP
LOAD /usr/lib/gcc/x86_64-redhat-linux/4.4.7/../../../../lib64/librt.so
LOAD /usr/lib/gcc/x86_64-redhat-linux/4.4.7/../../../../lib64/libm.so
LOAD /usr/lib/gcc/x86_64-redhat-linux/4.4.7/../../../../lib64/libdl.so
END GROUP
LOAD /usr/lib/gcc/x86_64-redhat-linux/4.4.7/libgcc.a
LOAD /usr/lib/gcc/x86_64-redhat-linux/4.4.7/libgcc_s.so
LOAD /usr/lib/gcc/x86_64-redhat-linux/4.4.7/../../../../lib64/libpthread.so
START GROUP
LOAD /lib64/libpthread.so.0
LOAD /usr/lib64/libpthread_nonshared.a
END GROUP
LOAD /usr/lib/gcc/x86_64-redhat-linux/4.4.7/../../../../lib64/libc.so
START GROUP
LOAD /lib64/libc.so.6
LOAD /usr/lib64/libc_nonshared.a
LOAD /lib64/ld-linux-x86-64.so.2
END GROUP
LOAD /usr/lib/gcc/x86_64-redhat-linux/4.4.7/libgcc.a
LOAD /usr/lib/gcc/x86_64-redhat-linux/4.4.7/libgcc_s.so
LOAD /usr/lib/gcc/x86_64-redhat-linux/4.4.7/crtend.o
LOAD /usr/lib/gcc/x86_64-redhat-linux/4.4.7/../../../../lib64/crtn.o
                0x0000000000400000                PROVIDE (__executable_start, 0x400000)
                0x0000000000400200                . = (0x400000 + SIZEOF_HEADERS)

.interp         0x0000000000400200       0x1c
 *(.interp)
 .interp        0x0000000000400200       0x1c /usr/lib/gcc/x86_64-redhat-linux/4.4.7/../../../../lib64/crt1.o

.note.ABI-tag   0x000000000040021c       0x20
 .note.ABI-tag  0x000000000040021c       0x20 /usr/lib/gcc/x86_64-redhat-linux/4.4.7/../../../../lib64/crt1.o

.note.gnu.build-id
                0x000000000040023c       0x24
 *(.note.gnu.build-id)
 .note.gnu.build-id
                0x000000000040023c       0x24 /usr/lib/gcc/x86_64-redhat-linux/4.4.7/../../../../lib64/crt1.o

.hash
 *(.hash)

.gnu.hash       0x0000000000400260     0x1c0c
 *(.gnu.hash)
 .gnu.hash      0x0000000000400260     0x1c0c /usr/lib/gcc/x86_64-redhat-linux/4.4.7/../../../../lib64/crt1.o

.dynsym         0x0000000000401e70     0x6d68
 *(.dynsym)
 .dynsym        0x0000000000401e70     0x6d68 /usr/lib/gcc/x86_64-redhat-linux/4.4.7/../../../../lib64/crt1.o

.dynstr         0x0000000000408bd8     0x4456
 *(.dynstr)
 .dynstr        0x0000000000408bd8     0x4456 /usr/lib/gcc/x86_64-redhat-linux/4.4.7/../../../../lib64/crt1.o

.gnu.version    0x000000000040d02e      0x91e
 *(.gnu.version)
 .gnu.version   0x000000000040d02e      0x91e /usr/lib/gcc/x86_64-redhat-linux/4.4.7/../../../../lib64/crt1.o

.gnu.version_d  0x000000000040d950        0x0 load address 0x000000000040d94c
 *(.gnu.version_d)
 .gnu.version_d
                0x0000000000000000        0x0 /usr/lib/gcc/x86_64-redhat-linux/4.4.7/../../../../lib64/crt1.o

.gnu.version_r  0x000000000040d950       0x90
 *(.gnu.version_r)
 .gnu.version_r
                0x000000000040d950       0x90 /usr/lib/gcc/x86_64-redhat-linux/4.4.7/../../../../lib64/crt1.o

.rela.dyn       0x000000000040d9e0       0x48
 *(.rela.init)
 *(.rela.text .rela.text.* .rela.gnu.linkonce.t.*)
 .rela.text     0x0000000000000000        0x0 /usr/lib/gcc/x86_64-redhat-linux/4.4.7/../../../../lib64/crt1.o
 *(.rela.fini)
 *(.rela.rodata .rela.rodata.* .rela.gnu.linkonce.r.*)
 *(.rela.data .rela.data.* .rela.gnu.linkonce.d.*)
 .rela.data     0x0000000000000000        0x0 /usr/lib/gcc/x86_64-redhat-linux/4.4.7/../../../../lib64/crt1.o
 *(.rela.tdata .rela.tdata.* .rela.gnu.linkonce.td.*)
 *(.rela.tbss .rela.tbss.* .rela.gnu.linkonce.tb.*)
 *(.rela.ctors)
 *(.rela.dtors)
 *(.rela.got)
 .rela.got      0x000000000040d9e0       0x18 /usr/lib/gcc/x86_64-redhat-linux/4.4.7/../../../../lib64/crt1.o
 *(.rela.sharable_data .rela.sharable_data.* .rela.gnu.linkonce.shrd.*)
 *(.rela.sharable_bss .rela.sharable_bss.* .rela.gnu.linkonce.shrb.*)
 .rela.sharable_bss
                0x0000000000000000        0x0 /usr/lib/gcc/x86_64-redhat-linux/4.4.7/../../../../lib64/crt1.o
 *(.rela.bss .rela.bss.* .rela.gnu.linkonce.b.*)
 .rela.bss      0x000000000040d9f8       0x30 /usr/lib/gcc/x86_64-redhat-linux/4.4.7/../../../../lib64/crt1.o
 *(.rela.ldata .rela.ldata.* .rela.gnu.linkonce.l.*)
 *(.rela.lbss .rela.lbss.* .rela.gnu.linkonce.lb.*)
 *(.rela.lrodata .rela.lrodata.* .rela.gnu.linkonce.lr.*)
 *(.rela.ifunc)

.rela.plt       0x000000000040da28      0xe40
 *(.rela.plt)
 .rela.plt      0x000000000040da28      0xe40 /usr/lib/gcc/x86_64-redhat-linux/4.4.7/../../../../lib64/crt1.o
                0x000000000040e868                PROVIDE (__rela_iplt_start, .)
 *(.rela.iplt)
 .rela.iplt     0x0000000000000000        0x0 /usr/lib/gcc/x86_64-redhat-linux/4.4.7/../../../../lib64/crt1.o
                0x000000000040e868                PROVIDE (__rela_iplt_end, .)

.init           0x000000000040e868       0x18
 *(.init)
 .init          0x000000000040e868        0x9 /usr/lib/gcc/x86_64-redhat-linux/4.4.7/../../../../lib64/crti.o
                0x000000000040e868                _init
 .init          0x000000000040e871        0x5 /usr/lib/gcc/x86_64-redhat-linux/4.4.7/crtbegin.o
 .init          0x000000000040e876        0x5 /usr/lib/gcc/x86_64-redhat-linux/4.4.7/crtend.o
 .init          0x000000000040e87b        0x5 /usr/lib/gcc/x86_64-redhat-linux/4.4.7/../../../../lib64/crtn.o

.plt            0x000000000040e880      0x990
 *(.plt)
 .plt           0x000000000040e880      0x990 /usr/lib/gcc/x86_64-redhat-linux/4.4.7/../../../../lib64/crt1.o
                0x000000000040e890                daemon@@GLIBC_2.2.5
                0x000000000040e8a0                ctime@@GLIBC_2.2.5
                0x000000000040e8b0                chmod@@GLIBC_2.2.5
                0x000000000040e8c0                pthread_setcancelstate@@GLIBC_2.2.5
                0x000000000040e8d0                seteuid@@GLIBC_2.2.5
                0x000000000040e8e0                chdir@@GLIBC_2.2.5
                0x000000000040e8f0                fileno@@GLIBC_2.2.5
                0x000000000040e900                printf@@GLIBC_2.2.5
                0x000000000040e910                memset@@GLIBC_2.2.5
                0x000000000040e920                ftell@@GLIBC_2.2.5
                0x000000000040e930                getgrnam@@GLIBC_2.2.5
                0x000000000040e940                snprintf@@GLIBC_2.2.5
                0x000000000040e950                shutdown@@GLIBC_2.2.5
                0x000000000040e960                backtrace@@GLIBC_2.2.5
                0x000000000040e970                inet_pton@@GLIBC_2.2.5
                0x000000000040e980                close@@GLIBC_2.2.5
                0x000000000040e990                inflateEnd
                0x000000000040e9a0                ioctl@@GLIBC_2.2.5
                0x000000000040e9b0                abort@@GLIBC_2.2.5
                0x000000000040e9c0                crypt@@GLIBC_2.2.5
                0x000000000040e9d0                memchr@@GLIBC_2.2.5
                0x000000000040e9e0                pcap_close
                0x000000000040e9f0                getrusage@@GLIBC_2.2.5
                0x000000000040ea00                puts@@GLIBC_2.2.5
                0x000000000040ea10                uname@@GLIBC_2.2.5
                0x000000000040ea20                fseek@@GLIBC_2.2.5
                0x000000000040ea30                htons@@GLIBC_2.2.5
                0x000000000040ea40                select@@GLIBC_2.2.5
                0x000000000040ea50                openlog@@GLIBC_2.2.5
                0x000000000040ea60                getpeername@@GLIBC_2.2.5
                0x000000000040ea70                exit@@GLIBC_2.2.5
                0x000000000040ea80                __assert_fail@@GLIBC_2.2.5
                0x000000000040ea90                getaddrinfo@@GLIBC_2.2.5
                0x000000000040eaa0                strcasecmp@@GLIBC_2.2.5
                0x000000000040eab0                gettimeofday@@GLIBC_2.2.5
                0x000000000040eac0                deflate
                0x000000000040ead0                read@@GLIBC_2.2.5
                0x000000000040eae0                strncmp@@GLIBC_2.2.5
                0x000000000040eaf0                malloc@@GLIBC_2.2.5
                0x000000000040eb00                fopen@@GLIBC_2.2.5
                0x000000000040eb10                __libc_start_main@@GLIBC_2.2.5
                0x000000000040eb20                sigfillset@@GLIBC_2.2.5
                0x000000000040eb30                dup@@GLIBC_2.2.5
                0x000000000040eb40                pcap_open_live
                0x000000000040eb50                unlink@@GLIBC_2.2.5
                0x000000000040eb60                _exit@@GLIBC_2.2.5
                0x000000000040eb70                gmtime@@GLIBC_2.2.5
                0x000000000040eb80                setregid@@GLIBC_2.2.5
                0x000000000040eb90                setsockopt@@GLIBC_2.2.5
                0x000000000040eba0                sysconf@@GLIBC_2.2.5
                0x000000000040ebb0                getpid@@GLIBC_2.2.5
                0x000000000040ebc0                vsyslog@@GLIBC_2.2.5
                0x000000000040ebd0                pthread_mutex_init@@GLIBC_2.2.5
                0x000000000040ebe0                fgets@@GLIBC_2.2.5
                0x000000000040ebf0                inflateInit2_
                0x000000000040ec00                pcap_compile
                0x000000000040ec10                geteuid@@GLIBC_2.2.5
                0x000000000040ec20                vfprintf@@GLIBC_2.2.5
                0x000000000040ec30                inflate
                0x000000000040ec40                closelog@@GLIBC_2.2.5
                0x000000000040ec50                fputc@@GLIBC_2.2.5
                0x000000000040ec60                freeaddrinfo@@GLIBC_2.2.5
                0x000000000040ec70                backtrace_symbols@@GLIBC_2.2.5
                0x000000000040ec80                free@@GLIBC_2.2.5
                0x000000000040ec90                strlen@@GLIBC_2.2.5
                0x000000000040eca0                pthread_create@@GLIBC_2.2.5
                0x000000000040ecb0                __xstat@@GLIBC_2.2.5
                0x000000000040ecc0                deflateEnd
                0x000000000040ecd0                pthread_testcancel@@GLIBC_2.2.5
                0x000000000040ece0                listen@@GLIBC_2.2.5
                0x000000000040ecf0                __ctype_b_loc@@GLIBC_2.3
                0x000000000040ed00                link@@GLIBC_2.2.5
                0x000000000040ed10                sprintf@@GLIBC_2.2.5
                0x000000000040ed20                ntohs@@GLIBC_2.2.5
                0x000000000040ed30                fdopen@@GLIBC_2.2.5
                0x000000000040ed40                ntohl@@GLIBC_2.2.5
                0x000000000040ed50                atol@@GLIBC_2.2.5
                0x000000000040ed60                sscanf@@GLIBC_2.2.5
                0x000000000040ed70                sleep@@GLIBC_2.2.5
                0x000000000040ed80                pthread_setcanceltype@@GLIBC_2.2.5
                0x000000000040ed90                pthread_join@@GLIBC_2.2.5
                0x000000000040eda0                usleep@@GLIBC_2.2.5
                0x000000000040edb0                strerror@@GLIBC_2.2.5
                0x000000000040edc0                strstr@@GLIBC_2.2.5
                0x000000000040edd0                sigaction@@GLIBC_2.2.5
                0x000000000040ede0                rewind@@GLIBC_2.2.5
                0x000000000040edf0                strcat@@GLIBC_2.2.5
                0x000000000040ee00                vprintf@@GLIBC_2.2.5
                0x000000000040ee10                strtol@@GLIBC_2.2.5
                0x000000000040ee20                getsockname@@GLIBC_2.2.5
                0x000000000040ee30                atoi@@GLIBC_2.2.5
                0x000000000040ee40                connect@@GLIBC_2.2.5
                0x000000000040ee50                memcpy@@GLIBC_2.2.5
                0x000000000040ee60                strspn@@GLIBC_2.2.5
                0x000000000040ee70                memmove@@GLIBC_2.2.5
                0x000000000040ee80                strchr@@GLIBC_2.2.5
                0x000000000040ee90                socket@@GLIBC_2.2.5
                0x000000000040eea0                vsnprintf@@GLIBC_2.2.5
                0x000000000040eeb0                fread@@GLIBC_2.2.5
                0x000000000040eec0                inet_ntoa@@GLIBC_2.2.5
                0x000000000040eed0                __errno_location@@GLIBC_2.2.5
                0x000000000040eee0                qsort@@GLIBC_2.2.5
                0x000000000040eef0                pcap_setfilter
                0x000000000040ef00                strdup@@GLIBC_2.2.5
                0x000000000040ef10                mkstemp@@GLIBC_2.2.5
                0x000000000040ef20                strcmp@@GLIBC_2.2.5
                0x000000000040ef30                getcwd@@GLIBC_2.2.5
                0x000000000040ef40                setreuid@@GLIBC_2.2.5
                0x000000000040ef50                strcpy@@GLIBC_2.2.5
                0x000000000040ef60                strtok@@GLIBC_2.2.5
                0x000000000040ef70                pthread_cancel@@GLIBC_2.2.5
                0x000000000040ef80                srand@@GLIBC_2.2.5
                0x000000000040ef90                chown@@GLIBC_2.2.5
                0x000000000040efa0                getuid@@GLIBC_2.2.5
                0x000000000040efb0                deflateInit2_
                0x000000000040efc0                pthread_detach@@GLIBC_2.2.5
                0x000000000040efd0                memcmp@@GLIBC_2.2.5
                0x000000000040efe0                calloc@@GLIBC_2.2.5
                0x000000000040eff0                backtrace_symbols_fd@@GLIBC_2.2.5
                0x000000000040f000                writev@@GLIBC_2.2.5
                0x000000000040f010                fclose@@GLIBC_2.2.5
                0x000000000040f020                random@@GLIBC_2.2.5
                0x000000000040f030                strncpy@@GLIBC_2.2.5
                0x000000000040f040                strsep@@GLIBC_2.2.5
                0x000000000040f050                sendto@@GLIBC_2.2.5
                0x000000000040f060                bind@@GLIBC_2.2.5
                0x000000000040f070                pcap_loop
                0x000000000040f080                fwrite@@GLIBC_2.2.5
                0x000000000040f090                inet_aton@@GLIBC_2.2.5
                0x000000000040f0a0                htonl@@GLIBC_2.2.5
                0x000000000040f0b0                pthread_mutex_lock@@GLIBC_2.2.5
                0x000000000040f0c0                realloc@@GLIBC_2.2.5
                0x000000000040f0d0                perror@@GLIBC_2.2.5
                0x000000000040f0e0                gai_strerror@@GLIBC_2.2.5
                0x000000000040f0f0                fprintf@@GLIBC_2.2.5
                0x000000000040f100                localtime@@GLIBC_2.2.5
                0x000000000040f110                write@@GLIBC_2.2.5
                0x000000000040f120                strftime@@GLIBC_2.2.5
                0x000000000040f130                accept@@GLIBC_2.2.5
                0x000000000040f140                clock_gettime@@GLIBC_2.2.5
                0x000000000040f150                strtoul@@GLIBC_2.2.5
                0x000000000040f160                pthread_mutex_unlock@@GLIBC_2.2.5
                0x000000000040f170                inet_ntop@@GLIBC_2.2.5
                0x000000000040f180                umask@@GLIBC_2.2.5
                0x000000000040f190                fcntl@@GLIBC_2.2.5
                0x000000000040f1a0                setgroups@@GLIBC_2.2.5
                0x000000000040f1b0                open@@GLIBC_2.2.5
                0x000000000040f1c0                getpwnam@@GLIBC_2.2.5
                0x000000000040f1d0                mallinfo@@GLIBC_2.2.5
                0x000000000040f1e0                time@@GLIBC_2.2.5
                0x000000000040f1f0                fflush@@GLIBC_2.2.5
                0x000000000040f200                sync@@GLIBC_2.2.5
 *(.iplt)
 .iplt          0x0000000000000000        0x0 /usr/lib/gcc/x86_64-redhat-linux/4.4.7/../../../../lib64/crt1.o

.text           0x000000000040f210    0x4c408
 *(.text.unlikely .text.*_unlikely)
 .text.unlikely
                0x000000000040f210        0x0 ../http_parser/libhttp_parser.a(http_parser.o)
 *(.text .stub .text.* .gnu.linkonce.t.*)
 .text          0x000000000040f210       0x2c /usr/lib/gcc/x86_64-redhat-linux/4.4.7/../../../../lib64/crt1.o
                0x000000000040f210                _start
 .text          0x000000000040f23c       0x17 /usr/lib/gcc/x86_64-redhat-linux/4.4.7/../../../../lib64/crti.o
 *fill*         0x000000000040f253        0xd 90909090
 .text          0x000000000040f260       0x92 /usr/lib/gcc/x86_64-redhat-linux/4.4.7/crtbegin.o
 *fill*         0x000000000040f2f2        0x2 90909090
 .text          0x000000000040f2f4       0xb3 naga_fct.o
                0x000000000040f2f4                naga_fct
 *fill*         0x000000000040f3a7        0x1 90909090
 .text          0x000000000040f3a8      0x1da naga_acl.o
                0x000000000040f3be                naga_acl_redir
                0x000000000040f527                naga_acl
 *fill*         0x000000000040f582        0x2 90909090
 .text          0x000000000040f584      0x114 main.o
                0x000000000040f58f                main
 .text          0x000000000040f698      0x114 main_data.o
                0x000000000040f698                naga_data_process_module
 .text          0x000000000040f7ac      0x3d8 ../cmdline/libcmdline.a(cmd.o)
                0x000000000040f84d                update_log_file
                0x000000000040f88c                update_log_file_timer
                0x000000000040f8d0                bts_stat_log_file_timer
                0x000000000040f919                cmdline
 .text          0x000000000040fb84     0x7e16 ../libzebra/libzebra.a(command.o)
                0x000000000040fc79                print_version
                0x000000000040fcc6                argv_concat
                0x000000000040fdbe                install_node
                0x000000000040fe09                cmd_make_strvec
                0x000000000040ffd2                cmd_free_strvec
                0x000000000041089b                cmd_prompt
                0x00000000004108c8                install_element
                0x00000000004139e4                cmd_describe_command
                0x0000000000414188                cmd_complete_command
                0x000000000041427f                node_parent
                0x000000000041458b                cmd_execute_command
                0x0000000000414721                cmd_execute_command_strict
                0x0000000000414750                config_from_file
                0x0000000000416cff                host_config_set
                0x0000000000416d50                install_default
                0x0000000000416df3                cmd_init
                0x0000000000417717                cmd_terminate
 *fill*         0x000000000041799a        0x2 90909090
 .text          0x000000000041799c     0x2eef ../libzebra/libzebra.a(log.o)
                0x000000000041799c                quagga_timestamp
                0x0000000000418633                zlog_signal
                0x0000000000418d70                zlog_backtrace_sigsafe
                0x00000000004192b5                zlog_backtrace
                0x00000000004193f7                zlog
                0x00000000004194dc                zlog_err
                0x00000000004195b7                zlog_warn
                0x0000000000419692                zlog_info
                0x000000000041976d                zlog_notice
                0x0000000000419848                zlog_debug
                0x0000000000419923                plog_err
                0x00000000004199fd                plog_warn
                0x0000000000419ad7                plog_info
                0x0000000000419bb1                plog_notice
                0x0000000000419c8b                plog_debug
                0x0000000000419d65                zlog_thread_info
                0x0000000000419de1                _zlog_assert_failed
                0x0000000000419eba                openzlog
                0x0000000000419f63                closezlog
                0x0000000000419fc9                zlog_set_level
                0x0000000000419ffb                zlog_set_file
                0x000000000041a17d                zlog_reset_file
                0x000000000041a209                zlog_rotate
                0x000000000041a323                lookup
                0x000000000041a363                mes_lookup
                0x000000000041a480                safe_strerror
                0x000000000041a588                zebra_route_string
                0x000000000041a5a3                zebra_route_char
                0x000000000041a5be                zserv_command_string
                0x000000000041a607                proto_name2num
                0x000000000041a673                proto_redistnum
 *fill*         0x000000000041a88b        0x1 90909090
 .text          0x000000000041a88c      0xe17 ../libzebra/libzebra.a(memory.o)
                0x000000000041a8ff                zmalloc
                0x000000000041a948                zcalloc
                0x000000000041a996                zrealloc
                0x000000000041a9f1                zfree
                0x000000000041aa1f                zstrdup
                0x000000000041ab94                log_memstats_stderr
                0x000000000041b313                memory_init
                0x000000000041b508                mtype_memstr
                0x000000000041b68a                mtype_stats_alloc
 *fill*         0x000000000041b6a3        0x1 90909090
 .text          0x000000000041b6a4        0x0 ../libzebra/libzebra.a(memtypes.o)
 .text          0x000000000041b6a4      0x425 ../libzebra/libzebra.a(sigevent.o)
                0x000000000041b707                quagga_sigevent_process
                0x000000000041ba50                signal_init
 *fill*         0x000000000041bac9        0x3 90909090
 .text          0x000000000041bacc     0x2abc ../libzebra/libzebra.a(thread.o)
                0x000000000041bc66                timeval_elapsed
                0x000000000041be93                quagga_gettime
                0x000000000041bef7                quagga_time
                0x000000000041bf27                recent_relative_time
                0x000000000041c747                thread_master_create
                0x000000000041cade                thread_master_free
                0x000000000041cc34                thread_timer_remain_second
                0x000000000041cd5d                funcname_thread_add_read
                0x000000000041ce97                funcname_thread_add_write
                0x000000000041d124                funcname_thread_add_timer
                0x000000000041d1b8                funcname_thread_add_timer_msec
                0x000000000041d2ab                funcname_thread_add_background
                0x000000000041d3b7                funcname_thread_add_event
                0x000000000041d454                thread_cancel
                0x000000000041d72e                thread_cancel_event
                0x000000000041dc00                thread_fetch
                0x000000000041e11d                thread_consumed_time
                0x000000000041e1ba                thread_should_yield
                0x000000000041e209                thread_getrusage
                0x000000000041e25c                thread_call
                0x000000000041e4e0                funcname_thread_execute
 .text          0x000000000041e588      0x495 ../libzebra/libzebra.a(vector.o)
                0x000000000041e588                vector_init
                0x000000000041e5ec                vector_only_wrapper_free
                0x000000000041e613                vector_only_index_free
                0x000000000041e63a                vector_free
                0x000000000041e682                vector_copy
                0x000000000041e707                vector_ensure
                0x000000000041e7c3                vector_empty_slot
                0x000000000041e818                vector_set
                0x000000000041e87e                vector_set_index
                0x000000000041e8d8                vector_lookup
                0x000000000041e90c                vector_lookup_ensure
                0x000000000041e943                vector_unset
                0x000000000041e9d3                vector_count
 *fill*         0x000000000041ea1d        0x3 90909090
 .text          0x000000000041ea20     0x5b76 ../libzebra/libzebra.a(vty.o)
                0x000000000041ea20                vty_out
                0x000000000041f019                vty_time_print
                0x000000000041f09d                vty_hello
                0x000000000041f38b                vty_new
                0x0000000000422ae2                vty_serv_sock
                0x0000000000422b1f                vty_close
                0x00000000004230e7                vty_read_config
                0x00000000004233f9                vty_log
                0x00000000004234c7                vty_log_fixed
                0x0000000000423571                vty_config_lock
                0x00000000004235a7                vty_config_unlock
                0x000000000042414c                vty_reset
                0x000000000042432f                vty_get_cwd
                0x000000000042433c                vty_shell
                0x0000000000424356                vty_shell_serv
                0x0000000000424370                vty_init_vtysh
                0x0000000000424387                vty_init
                0x000000000042452a                vty_terminate
 *fill*         0x0000000000424596        0x2 90909090
 .text          0x0000000000424598      0xb2a ../libzebra/libzebra.a(workqueue.o)
                0x0000000000424605                work_queue_new
                0x000000000042470f                work_queue_free
                0x000000000042481c                work_queue_add
                0x0000000000424cab                work_queue_plug
                0x0000000000424cf7                work_queue_unplug
                0x0000000000424d2f                work_queue_run
 *fill*         0x00000000004250c2        0x2 90909090
 .text          0x00000000004250c4      0xe44 ../libzebra/libzebra.a(buffer.o)
                0x00000000004250c4                buffer_new
                0x0000000000425147                buffer_free
                0x000000000042517a                buffer_getstr
                0x000000000042527a                buffer_empty
                0x0000000000425294                buffer_reset
                0x0000000000425388                buffer_put
                0x000000000042545e                buffer_putc
                0x0000000000425489                buffer_putstr
                0x00000000004254bd                buffer_flush_all
                0x000000000042555a                buffer_flush_window
                0x0000000000425b94                buffer_flush_available
                0x0000000000425e0d                buffer_write
 .text          0x0000000000425f08     0x36a9 ../libzebra/libzebra.a(filter.o)
                0x000000000042651d                access_list_lookup
                0x0000000000426633                access_list_apply
                0x00000000004266cb                access_list_add_hook
                0x00000000004266eb                access_list_delete_hook
                0x000000000042899c                config_write_access_cisco
                0x0000000000428c2f                config_write_access_zebra
                0x0000000000429591                access_list_init
                0x00000000004295a1                access_list_reset
 *fill*         0x00000000004295b1        0x3 90909090
 .text          0x00000000004295b4      0x6f9 ../libzebra/libzebra.a(hash.o)
                0x00000000004295b4                hash_create_size
                0x000000000042965d                hash_create
                0x0000000000429684                hash_alloc_intern
                0x000000000042981c                hash_get
                0x00000000004299a0                hash_lookup
                0x00000000004299ca                string_hash_make
                0x0000000000429a0a                hash_release
                0x0000000000429b2d                hash_iterate
                0x0000000000429ba4                hash_clean
                0x0000000000429c67                hash_free
 *fill*         0x0000000000429cad        0x3 90909090
 .text          0x0000000000429cb0      0x963 ../libzebra/libzebra.a(linklist.o)
                0x0000000000429cb0                list_new
                0x0000000000429cc5                list_free
                0x0000000000429d28                listnode_add
                0x0000000000429dc4                listnode_add_sort
                0x0000000000429f1b                listnode_add_after
                0x000000000042a01c                listnode_move_to_tail
                0x000000000042a0fb                listnode_delete
                0x000000000042a1e0                listnode_head
                0x000000000042a22f                list_delete_all_node
                0x000000000042a2d8                list_delete
                0x000000000042a31e                listnode_lookup
                0x000000000042a3ca                list_delete_node
                0x000000000042a459                list_add_node_prev
                0x000000000042a505                list_add_node_next
                0x000000000042a5af                list_add_list
 *fill*         0x000000000042a613        0x1 90909090
 .text          0x000000000042a614      0x174 ../libzebra/libzebra.a(network.o)
                0x000000000042a614                readn
                0x000000000042a67f                writen
                0x000000000042a6e1                set_nonblocking
 .text          0x000000000042a788      0x609 ../libzebra/libzebra.a(pqueue.o)
                0x000000000042a788                trickle_up
                0x000000000042a8c9                trickle_down
                0x000000000042aa72                pqueue_create
                0x000000000042aac3                pqueue_delete
                0x000000000042abaa                pqueue_enqueue
                0x000000000042ac4f                pqueue_dequeue
                0x000000000042acbd                pqueue_remove_at
 *fill*         0x000000000042ad91        0x3 90909090
 .text          0x000000000042ad94     0x10c0 ../libzebra/libzebra.a(prefix.o)
                0x000000000042ad94                prefix_bit
                0x000000000042add9                prefix6_bit
                0x000000000042adfe                afi2family
                0x000000000042ae2b                family2afi
                0x000000000042ae53                prefix_match
                0x000000000042af2d                prefix_copy
                0x000000000042b005                prefix_same
                0x000000000042b0b2                prefix_cmp
                0x000000000042b19e                prefix_common_bits
                0x000000000042b2ae                prefix_family_str
                0x000000000042b2e1                prefix_ipv4_new
                0x000000000042b2ff                prefix_ipv4_free
                0x000000000042b319                str2prefix_ipv4
                0x000000000042b45a                masklen2ip
                0x000000000042b4bb                ip_masklen
                0x000000000042b4e9                apply_mask_ipv4
                0x000000000042b523                prefix_ipv4_any
                0x000000000042b550                prefix_ipv6_new
                0x000000000042b56e                prefix_ipv6_free
                0x000000000042b588                str2prefix_ipv6
                0x000000000042b6c6                ip6_masklen
                0x000000000042b727                masklen2ip6
                0x000000000042b784                apply_mask_ipv6
                0x000000000042b805                str2in6_addr
                0x000000000042b85f                apply_mask
                0x000000000042b8a0                sockunion2prefix
                0x000000000042b960                sockunion2hostprefix
                0x000000000042b9f7                prefix2sockunion
                0x000000000042ba74                prefix_blen
                0x000000000042baa7                str2prefix
                0x000000000042bb00                prefix2str
                0x000000000042bb9a                prefix_new
                0x000000000042bbbb                prefix_free
                0x000000000042bbe2                all_digit
                0x000000000042bc37                apply_classful_mask_ipv4
                0x000000000042bcc0                ipv4_network_addr
                0x000000000042bce7                ipv4_broadcast_addr
                0x000000000042bd20                netmask_str2prefix_str
                0x000000000042be1c                inet6_ntoa
 .text          0x000000000042be54      0x4ad ../libzebra/libzebra.a(privs.o)
                0x000000000042be54                zprivs_change_uid
                0x000000000042be90                zprivs_state_uid
                0x000000000042beb3                zprivs_change_null
                0x000000000042bec1                zprivs_state_null
                0x000000000042becd                zprivs_init
                0x000000000042c1be                zprivs_terminate
                0x000000000042c27b                zprivs_get_ids
 *fill*         0x000000000042c301        0x3 90909090
 .text          0x000000000042c304      0xf24 ../libzebra/libzebra.a(sockunion.o)
                0x000000000042c304                inet_sutop
                0x000000000042c37a                str2sockunion
                0x000000000042c40b                sockunion2str
                0x000000000042c492                sockunion_str2su
                0x000000000042c5af                sockunion_socket
                0x000000000042c615                sockunion_accept
                0x000000000042c73f                sockunion_connect
                0x000000000042c8aa                sockunion_stream_socket
                0x000000000042c90d                sockunion_bind
                0x000000000042ca0a                sockopt_reuseaddr
                0x000000000042ca72                sockopt_reuseport
                0x000000000042cada                sockopt_ttl
                0x000000000042cbb6                sockopt_cork
                0x000000000042cbe7                sockopt_minttl
                0x000000000042cc77                sockopt_v6only
                0x000000000042ccef                sockunion_same
                0x000000000042cd92                sockunion_getsockname
                0x000000000042ceae                sockunion_getpeername
                0x000000000042d0dd                sockunion_cmp
                0x000000000042d1c4                sockunion_dup
                0x000000000042d201                sockunion_free
 .text          0x000000000042d228      0x630 ../url/liburl.a(url.o)
                0x000000000042d23e                url_rule_add
                0x000000000042d3af                url_rule_get
                0x000000000042d3ed                url_rule_del
                0x000000000042d510                naga_url
                0x000000000042d6dc                naga_ori_url
                0x000000000042d725                naga_ref_url
                0x000000000042d76e                ori_url_rule_add
                0x000000000042d7ab                ref_url_rule_add
                0x000000000042d7e8                ori_url_rule_del
                0x000000000042d804                ref_url_rule_del
                0x000000000042d820                ori_url_rule_get
                0x000000000042d83c                ref_url_rule_get
 .text          0x000000000042d858      0x99d ../url/liburl.a(url_cmd.o)
                0x000000000042dbf4                ori_url_cmd_config_write
                0x000000000042e074                ref_url_cmd_config_write
                0x000000000042e158                cmdline_url_init
 *fill*         0x000000000042e1f5        0x3 90909090
 .text          0x000000000042e1f8      0xea8 ../vsr/libvsr.a(vsr_cmd.o)
                0x000000000042ee07                vsr_cmd_config_write
                0x000000000042efb8                cmdline_vsr_init
 .text          0x000000000042f0a0      0x629 ../vsr/libvsr.a(vsr_cmd_api.o)
                0x000000000042f0a0                rule_vsr_cmd_add
                0x000000000042f0f2                rule_vsr_cmd_del
                0x000000000042f11c                rule_vsr_cmd_get_index_by_ip
                0x000000000042f192                rule_vsr_cmd_get_ip
                0x000000000042f1dd                rule_vsr_cmd_get_mobile
                0x000000000042f229                rule_vsr_cmd_get_index_by_mobile
                0x000000000042f2a4                vsr_dump_buff
                0x000000000042f48b                rule_vsr_cmd_dump
                0x000000000042f50a                vsr_dump_total_buff
                0x000000000042f5e3                rule_vsr_cmd_total_dump
                0x000000000042f64b                rule_vsr_cmd_flush_url
                0x000000000042f675                rule_vsr_cmd_clear_statistics
                0x000000000042f69f                rule_vsr_cmd_encourage
 *fill*         0x000000000042f6c9        0x3 90909090
 .text          0x000000000042f6cc      0x812 ../vsr/libvsr.a(vsr_api.o)
                0x000000000042f6cc                vsr_api_del_rule_by_index
                0x000000000042f849                vsr_api_add_rule
                0x000000000042f8aa                vsr_api_get_ip_by_index
                0x000000000042f8e2                vsr_api_get_mobile_by_index
                0x000000000042f91d                vsr_api_get_rule_entry
                0x000000000042f98c                vsr_api_flush_url
                0x000000000042fac8                vsr_api_clear_statistics
                0x000000000042fb7d                vsr_api_encourage_dec
                0x000000000042fb88                vsr_api_encourage_set
                0x000000000042fba4                vsr_api_encourage_get
                0x000000000042fbb4                vsr_api_ip_num_get
                0x000000000042fbbf                vsr_api_url_num_get
                0x000000000042fbca                vsr_dp_api_match
                0x000000000042fdd8                vsr_dp_api_init
                0x000000000042fec9                vsr_dp_api_request_data_entry
 *fill*         0x000000000042fede        0x2 90909090
 .text          0x000000000042fee0      0x185 ../vsr/libvsr.a(vsr_file.o)
                0x000000000042fee0                vsr_write_file
                0x000000000042ff5c                vsr_tab_file
 *fill*         0x0000000000430065        0x3 90909090
 .text          0x0000000000430068      0x893 ../vsr/libvsr.a(vsr.o)
                0x0000000000430108                vsr_ip_num_dec
                0x000000000043011d                vsr_ip_num_add
                0x0000000000430132                vsr_ip_num_set
                0x0000000000430156                vsr_ip_num_get
                0x0000000000430166                vsr_url_num_dec
                0x000000000043017f                vsr_url_num_add
                0x0000000000430198                vsr_url_num_set
                0x00000000004301c0                vsr_url_num_get
                0x00000000004301d1                vsr_rule_lock_init
                0x0000000000430201                vsr_lock_rule
                0x0000000000430231                vsr_unlock_rule
                0x0000000000430261                vsr_set_rule_index
                0x0000000000430284                vsr_check_rule_effective
                0x00000000004302a4                vsr_set_rule_effective
                0x00000000004302ca                vsr_set_rule_ip
                0x00000000004302f0                vsr_get_rule_ip
                0x0000000000430310                vsr_set_rule_mobile
                0x000000000043033f                vsr_get_rule_mobile
                0x0000000000430366                vsr_set_rule_url_num
                0x000000000043038c                vsr_inc_rule_url_num
                0x00000000004303bc                vsr_get_rule_url_num
                0x00000000004303dc                vsr_get_rule_entry
                0x00000000004303fe                vsr_set_rule_pkt
                0x0000000000430430                vsr_add_rule_pkt
                0x0000000000430484                vsr_inc_rule_pkt
                0x00000000004304c7                vsr_check_url_effective
                0x0000000000430500                vsr_set_url_effective
                0x000000000043053f                vsr_set_url_len
                0x0000000000430580                vsr_get_url_len
                0x00000000004305b9                vsr_set_url_hash
                0x00000000004305fa                vsr_get_url_hash
                0x0000000000430633                vsr_set_url_content
                0x00000000004306db                vsr_get_url_content
                0x0000000000430715                vsr_set_url_pkt
                0x0000000000430759                vsr_add_url_pkt
                0x00000000004307ce                vsr_url_pkt_inc
                0x0000000000430833                vsr_dec_encourage_num
                0x000000000043085e                vsr_set_encourage_num
                0x0000000000430874                vsr_get_encourage_num
                0x0000000000430884                vsr_request_data_entry
                0x00000000004308e4                vsr_hash
 *fill*         0x00000000004308fb        0x1 90909090
 .text          0x00000000004308fc      0x370 ../vsr/libvsr.a(vsr_dp.o)
                0x00000000004308fc                vsr_dp_match
                0x0000000000430959                vsr_dp_process
                0x0000000000430acf                vsr_dp_encourage_test
                0x0000000000430bb8                vsr_dp_test
                0x0000000000430bef                vsr_dp_init
 .text          0x0000000000430c6c       0x37 ../pid/libpid.a(pid.o)
                0x0000000000430c6c                naga_pid
 *fill*         0x0000000000430ca3        0x1 90909090
 .text          0x0000000000430ca4      0x221 ../pid/libpid.a(pid_ethernet.o)
                0x0000000000430ce1                pid_ethernet
 *fill*         0x0000000000430ec5        0x3 90909090
 .text          0x0000000000430ec8      0x199 ../pid/libpid.a(pid_outerIp4.o)
                0x0000000000430f05                pid_outerip4
 *fill*         0x0000000000431061        0x3 90909090
 .text          0x0000000000431064       0xac ../pid/libpid.a(pid_l4.o)
                0x0000000000431064                pid_L4
 .text          0x0000000000431110      0x237 ../pid/libpid.a(pid_tcp.o)
                0x000000000043114d                pid_tcp
 *fill*         0x0000000000431347        0x1 90909090
 .text          0x0000000000431348      0x1d0 ../pid/libpid.a(pid_udp.o)
                0x0000000000431385                pid_udp
 .text          0x0000000000431518      0x279 ../pid/libpid.a(pid_gre.o)
                0x0000000000431555                pid_gtpu
                0x0000000000431716                pid_gtpv2c
 *fill*         0x0000000000431791        0x3 90909090
 .text          0x0000000000431794      0x7ff ../pid/libpid.a(pid_http.o)
                0x0000000000431794                pid_http_down
                0x0000000000431a19                pid_http_up
 *fill*         0x0000000000431f93        0x1 90909090
 .text          0x0000000000431f94      0x183 ../pid/libpid.a(pid_innerIp4.o)
                0x0000000000431fd1                pid_innerip
 *fill*         0x0000000000432117        0x9 90909090
 .text          0x0000000000432120     0x4056 ../http_parser/libhttp_parser.a(http_parser.o)
                0x0000000000432390                http_message_needs_eof
                0x00000000004323e0                http_parser_execute
                0x00000000004351d0                http_should_keep_alive
                0x0000000000435260                http_method_str
                0x0000000000435280                http_parser_init
                0x00000000004352d0                http_parser_settings_init
                0x0000000000435300                http_errno_name
                0x0000000000435330                http_errno_description
                0x0000000000435360                http_parser_url_init
                0x0000000000435380                http_parser_parse_url
                0x0000000000436110                http_parser_pause
                0x0000000000436150                http_body_is_final
                0x0000000000436170                http_parser_version
 *fill*         0x0000000000436176        0x2 90909090
 .text          0x0000000000436178      0x894 ../itf/libitf.a(itf_pcap.o)
                0x0000000000436249                itf_raw_socket_init
                0x0000000000436392                ift_raw_send_packet
                0x000000000043645b                itf_set_hytag_pcap
                0x00000000004364a3                libpcap_packet_handler
                0x000000000043653e                pcap_rx_loop
                0x00000000004365d7                libpcap_rx_loop_setup
                0x00000000004368eb                libpcap_rx_loop_unset
 .text          0x0000000000436a0c      0x8f2 ../itf/libitf.a(itf_cmd.o)
                0x00000000004370c5                itf_cmd_config_write
                0x00000000004372ac                cmdline_itf_init
 *fill*         0x00000000004372fe        0x2 90909090
 .text          0x0000000000437300      0x1a9 ../itf/libitf.a(itf_stat.o)
                0x0000000000437300                interface_stat_set
                0x000000000043734a                interface_stat_get
                0x0000000000437393                interface_is_enable
                0x00000000004373bb                itf_stat_set
                0x0000000000437415                itf_stat_get
                0x000000000043746f                itf_tx_is_enable
                0x000000000043748c                itf_rx_is_enable
 *fill*         0x00000000004374a9        0x3 90909090
 .text          0x00000000004374ac      0x296 ../dmr/libdmr.a(dmr_dp.o)
                0x00000000004374c2                naga_dmr
                0x000000000043770e                dmr_dp_init
 *fill*         0x0000000000437742        0x2 90909090
 .text          0x0000000000437744     0x1c65 ../dmr/libdmr.a(dmr_cmd.o)
                0x0000000000437dab                dmr_dump_vty
                0x0000000000438e8b                dmr_write_file
                0x000000000043910a                dmr_write_config_vty
                0x00000000004391d4                dmr_cmd_config_write
                0x00000000004392ee                cmdline_dmr_init
 *fill*         0x00000000004393a9        0x3 90909090
 .text          0x00000000004393ac      0x379 ../dmr/libdmr.a(dmr.o)
                0x00000000004393c5                dmr_hash_func
                0x000000000043940a                dmr_cmp_func
                0x000000000043945c                dmr_init
                0x000000000043949c                dmr_get
                0x0000000000439517                dmr_add
                0x0000000000439536                dmr_clear_func
                0x0000000000439563                dmr_del
                0x00000000004395ad                dmr_clear
                0x00000000004395cc                dmr_stat_clear_func
                0x0000000000439626                dmr_stat_clear
                0x0000000000439675                dmr_stat_clear_all
                0x0000000000439694                dmr_iter
                0x00000000004396d3                dmr_domain_default_act_set
                0x00000000004396fc                dmr_domain_default_act_get
 *fill*         0x0000000000439725        0x3 90909090
 .text          0x0000000000439728      0xbba ../acr/libacr.a(acr_cmd.o)
                0x0000000000439769                acr_dump_vty
                0x000000000043a178                acr_write_config_vty
                0x000000000043a23f                acr_cmd_config_write
                0x000000000043a263                cmdline_acr_init
 *fill*         0x000000000043a2e2        0x2 90909090
 .text          0x000000000043a2e4      0x311 ../acr/libacr.a(acr.o)
                0x000000000043a2fd                acr_hash_func
                0x000000000043a342                acr_cmp_func
                0x000000000043a394                acr_init
                0x000000000043a3c0                acr_get
                0x000000000043a43b                acr_add
                0x000000000043a45a                acr_clear_func
                0x000000000043a487                acr_del
                0x000000000043a4d1                acr_clear
                0x000000000043a4f0                acr_stat_clear_func
                0x000000000043a531                acr_stat_clear
                0x000000000043a580                acr_stat_clear_all
                0x000000000043a59f                acr_iter
                0x000000000043a5de                acr_account_default_act_set
 *fill*         0x000000000043a5f5        0x3 90909090
 .text          0x000000000043a5f8      0x1af ../acr/libacr.a(acr_dp.o)
                0x000000000043a60e                acr_dp_init
                0x000000000043a642                naga_acr
 *fill*         0x000000000043a7a7        0x1 90909090
 .text          0x000000000043a7a8      0x217 ../boots/libboots.a(bts_debug.o)
                0x000000000043a7a8                berr_msg
                0x000000000043a7cd                mod_lookup
                0x000000000043a835                mod_modify
                0x000000000043a899                mod_is_enable
                0x000000000043a8be                dopt_is_enable
                0x000000000043a8ec                dopt_lookup
                0x000000000043a968                dopt_modify
 *fill*         0x000000000043a9bf        0x1 90909090
 .text          0x000000000043a9c0      0x354 ../boots/libboots.a(bts_cnt.o)
                0x000000000043aa23                cnt_add
                0x000000000043aa7b                cnt_inc
                0x000000000043aac8                cnt_dec
                0x000000000043ab15                cnt_get
                0x000000000043abfe                cnt_clear
                0x000000000043acbd                cnt_int
 .text          0x000000000043ad14      0xcdc ../boots/libboots.a(bts_cmd.o)
                0x000000000043b043                vty_module_dump
                0x000000000043b3bb                vty_dopt_dump
                0x000000000043b6a6                bts_stat_log
                0x000000000043b92b                bts_cmd_config_write
                0x000000000043b980                cmdline_bts_init
 .text          0x000000000043b9f0      0x5c0 ../boots/libboots.a(bts_hash.o)
                0x000000000043bf89                bts_hash
 .text          0x000000000043bfb0      0x695 ../boots/libboots.a(bts_hashtable.o)
                0x000000000043bfd1                bts_hashtable_init
                0x000000000043c17e                bts_hashtable_lookup
                0x000000000043c257                bts_hashtable_safe_lookup_and_create
                0x000000000043c285                bts_hashtable_add
                0x000000000043c37b                bts_hashtable_del
                0x000000000043c453                bts_hashtable_del_by_key
                0x000000000043c547                bts_hashtable_del_all
                0x000000000043c5b6                bts_hashtable_iter
 *fill*         0x000000000043c645        0x3 90909090
 .text          0x000000000043c648      0xde1 ../boots/libboots.a(bts_linklist.o)
                0x000000000043c719                bts_list_new
                0x000000000043c729                bts_list_free
                0x000000000043c76d                bts_listnode_add_sort
                0x000000000043c8c4                bts_listnode_add_after
                0x000000000043c9c5                bts_listnode_move_to_tail
                0x000000000043caa4                bts_listnode_delete
                0x000000000043cb89                bts_listnode_head
                0x000000000043cbd8                bts_list_delete
                0x000000000043cc1e                bts_listnode_lookup
                0x000000000043ccca                bts_list_delete_node
                0x000000000043cd59                bts_list_add_node_prev
                0x000000000043ce05                bts_list_add_node_next
                0x000000000043ceaf                bts_list_add_list
                0x000000000043cf13                bts_listnode_lookup_by_key
                0x000000000043d016                bts_listnode_delete_by_key
                0x000000000043d14d                bts_listnode_add
                0x000000000043d2aa                bts_list_delete_all_node
                0x000000000043d367                bts_list_all_element_lo
 *fill*         0x000000000043d429        0x3 90909090
 .text          0x000000000043d42c      0x258 ../boots/libboots.a(bts_util.o)
                0x000000000043d42c                bts_ipaddr_cmp
                0x000000000043d492                bts_str_cmp
                0x000000000043d4cc                bts_ip_string
                0x000000000043d52c                bswt_parse
                0x000000000043d5cc                bswt_string
 .text          0x000000000043d684      0x738 ../pub/libpub.a(naga_util.o)
                0x000000000043d684                naga_action_parse
                0x000000000043d848                naga_acl_string
                0x000000000043db18                naga_acl_parse
                0x000000000043dc96                naga_url_dump
 .text          0x000000000043ddbc     0x1c66 ../urlr/liburlr.a(urlr_cmd.o)
                0x000000000043e426                urlr_dump_vty
                0x000000000043f507                urlr_write_file
                0x000000000043f783                urlr_write_config_vty
                0x000000000043f84d                urlr_cmd_config_write
                0x000000000043f967                cmdline_urlr_init
 *fill*         0x000000000043fa22        0x2 90909090
 .text          0x000000000043fa24      0x365 ../urlr/liburlr.a(urlr.o)
                0x000000000043fa3d                urlr_hash_func
                0x000000000043fa82                urlr_cmp_func
                0x000000000043fad4                urlr_init
                0x000000000043fb00                urlr_get
                0x000000000043fb7b                urlr_add
                0x000000000043fb9a                urlr_clear_func
                0x000000000043fbc7                urlr_del
                0x000000000043fc11                urlr_clear
                0x000000000043fc30                urlr_stat_clear_func
                0x000000000043fc8a                urlr_stat_clear
                0x000000000043fcd9                urlr_stat_clear_all
                0x000000000043fcf8                urlr_iter
                0x000000000043fd37                urlr_default_act_set
                0x000000000043fd60                urlr_default_act_get
 *fill*         0x000000000043fd89        0x3 90909090
 .text          0x000000000043fd8c      0x35c ../mask/libmask.a(mask.o)
                0x000000000043fda2                mask_rule_add
                0x000000000043fe34                mask_rule_get
                0x000000000043fe5a                mask_rule_del
                0x000000000043fe9b                naga_mask
 .text          0x00000000004400e8      0x424 ../mask/libmask.a(mask_cmd.o)
                0x00000000004403da                mask_cmd_config_write
                0x00000000004404ba                cmdline_mask_init
 .text          0x000000000044050c      0x574 ../adp/libadp.a(nag_adp.o)
                0x000000000044054c                adp_switch_set
                0x0000000000440563                adp_switch_get
                0x000000000044057e                adp_switch_template_set
                0x00000000004405b8                adp_switch_template_get
                0x00000000004405f9                adp_set_interval
                0x0000000000440613                adp_get_interval
                0x0000000000440631                adp_clear_interval
                0x0000000000440669                naga_adp
                0x0000000000440a60                adp_dp_init
                0x0000000000440a75                adp_get_start_time
 .text          0x0000000000440a80      0xbb3 ../adp/libadp.a(adp_cmd.o)
                0x000000000044124f                adp_cmd_config_write
                0x00000000004415a5                cmdline_adp_init
 *fill*         0x0000000000441633        0x1 90909090
 .text          0x0000000000441634     0x145c ../template/libtemp.a(packet.o)
                0x00000000004418cf                ads_tcp_head_modify
                0x0000000000441a8c                ads_tcpudp_cksum
                0x0000000000441ab1                ads_ip_head_modify
                0x0000000000441b83                ads_ipv4_cksum_update
                0x0000000000441bc7                ads_mac_get
                0x0000000000441cd5                ads_mac_set
                0x0000000000441dfb                ads_pkt_content_set
                0x0000000000441e12                ads_pkt_content_get
                0x0000000000441e2d                ads_eth_head_modify
                0x0000000000441f23                redirect_302_response_generator
                0x00000000004425d6                ads_response_head_generator
                0x000000000044282f                ads_response_content_generator
 .text          0x0000000000442a90     0x1480 ../template/libtemp.a(packet_http.o)
                0x0000000000442a90                gzcompress
                0x0000000000442c07                gzdecompress
                0x0000000000442d94                adt_get_send
                0x0000000000442dbe                adt_send_set
                0x0000000000442de2                adt_send_is_single
                0x0000000000442dff                adt_send_is_multi
                0x0000000000442e1c                http_content_len_get
                0x0000000000442e9b                ads_gzip_and_fill_content
                0x0000000000443186                ads_http_302_fill
                0x0000000000443210                ads_http_ok_head_fill
                0x00000000004433b4                ads_http_content_fill
                0x00000000004438da                ads_template_fill
                0x0000000000443a14                ads_template_default_load
                0x0000000000443ac6                adt_get_http_body
                0x0000000000443ad3                adt_fill_template
                0x0000000000443cff                adt_set
                0x0000000000443e48                ads_template_init
 .text          0x0000000000443f10      0x9c6 ../template/libtemp.a(adt_cmd.o)
                0x0000000000444704                adt_cmd_config_write
                0x0000000000444893                cmdline_adt_init
 *fill*         0x00000000004448d6        0x2 90909090
 .text          0x00000000004448d8      0x2e4 ../debug/libdebug.a(dbg_tagmon.o)
                0x00000000004448d8                hytag_print
                0x0000000000444ae5                hytag_log
 .text          0x0000000000444bbc     0x11a7 ../netseg/libnetseg.a(netseg_cmd.o)
                0x0000000000445a62                netseg_cmd_config_write
                0x0000000000445cd5                cmdline_netseg_init
 *fill*         0x0000000000445d63        0x1 90909090
 .text          0x0000000000445d64      0xdb3 ../netseg/libnetseg.a(netseg.o)
                0x0000000000445dd8                api_net_add
                0x0000000000446062                api_net_del
                0x00000000004462e2                api_net_get
                0x00000000004465e9                api_net_clear_statistics
                0x0000000000446872                api_get_netseg_effect
                0x00000000004468b5                api_get_netseg_ptr
                0x00000000004468df                api_net_dp_match
                0x0000000000446a0d                api_netseg_default_act_set
                0x0000000000446a36                api_netseg_default_act_get
                0x0000000000446a5f                netseg_init
 *fill*         0x0000000000446b17        0x1 90909090
 .text          0x0000000000446b18      0xdd8 ../dnet/libdnetseg.a(dnet_cmd.o)
                0x000000000044760d                dnetseg_cmd_config_write
                0x0000000000447871                cmdline_dnetseg_init
 .text          0x00000000004478f0      0xd93 ../dnet/libdnetseg.a(dnet.o)
                0x0000000000447964                api_dnet_add
                0x0000000000447bee                api_dnet_del
                0x0000000000447e6e                api_dnet_get
                0x0000000000448175                api_dnet_clear_statistics
                0x00000000004483fe                api_get_dnetseg_effect
                0x0000000000448441                api_get_dnetseg_ptr
                0x000000000044846b                api_dnet_dp_match
                0x0000000000448599                api_dnetseg_default_act_set
                0x00000000004485b0                api_dnetseg_default_act_get
                0x00000000004485cb                dnetseg_init
 *fill*         0x0000000000448683        0xd 90909090
 .text          0x0000000000448690     0x7900 ../pcre-m/libpcre.a(pcre_compile.o)
                0x000000000044a730                _pcre_find_bracket
                0x000000000044f490                pcre_compile2
                0x000000000044ff80                pcre_compile
 .text          0x000000000044ff90     0x6cf4 ../pcre-m/libpcre.a(pcre_exec.o)
                0x0000000000455cc0                pcre_exec
 .text          0x0000000000456c84        0x0 ../pcre-m/libpcre.a(pcre_globals.o)
 *fill*         0x0000000000456c84        0xc 90909090
 .text          0x0000000000456c90       0xf4 ../pcre-m/libpcre.a(pcre_newline.o)
                0x0000000000456c90                _pcre_is_newline
                0x0000000000456d10                _pcre_was_newline
 .text          0x0000000000456d84        0x0 ../pcre-m/libpcre.a(pcre_tables.o)
 *fill*         0x0000000000456d84        0xc 90909090
 .text          0x0000000000456d90      0x1ed ../pcre-m/libpcre.a(pcre_try_flipped.o)
                0x0000000000456e00                _pcre_try_flipped
 .text          0x0000000000456f7d        0x0 ../pcre-m/libpcre.a(pcre_chartables.o)
 *fill*         0x0000000000456f7d        0x3 90909090
 .text          0x0000000000456f80     0x13d3 ../hijack/libhijack.a(naga_hijack.o)
                0x00000000004573c5                hijack_get_rule_key_id
                0x000000000045746e                naga_hijack
                0x000000000045803e                hijack_table_reset
                0x00000000004580ab                hijack_record
                0x000000000045827d                time_check_loop
                0x0000000000458310                hijack_dp_init
 *fill*         0x0000000000458353        0x1 90909090
 .text          0x0000000000458354     0x1bf3 ../hijack/libhijack.a(hijack_cmd.o)
                0x000000000045949a                hijack_free_val
                0x000000000045955b                hijack_parse_key
                0x0000000000459afa                hijack_cmd_config_write
                0x0000000000459e7d                cmdline_hijack_init
 *fill*         0x0000000000459f47        0x1 90909090
 .text          0x0000000000459f48      0x737 ../hijack/libhijack.a(hijack.o)
                0x0000000000459f61                hijack_enable_set
                0x0000000000459fd2                hijack_enable_get
                0x0000000000459fef                ip_pkt_set_interval
                0x000000000045a006                ip_set_interval
                0x000000000045a01d                pkt_set_interval
                0x000000000045a034                ip_time_set_interval
                0x000000000045a04b                ip_time_interval_get
                0x000000000045a068                ip_interval_get
                0x000000000045a085                ip_pkt_interval_get
                0x000000000045a0a2                pkt_interval_get
                0x000000000045a0bf                hijack_ip_hash_func
                0x000000000045a100                hijack_ip_cmp_func
                0x000000000045a14a                hijack_ip_init
                0x000000000045a176                hijack_ip_get
                0x000000000045a1ed                hijack_ip_add
                0x000000000045a20c                hijack_ip_clear_func
                0x000000000045a239                hijack_ip_del
                0x000000000045a283                hijack_ip_clear
                0x000000000045a2a2                hijack_ip_stat_clear_func
                0x000000000045a2f8                hijack_ip_stat_clear
                0x000000000045a347                hijack_ip_stat_clear_all
                0x000000000045a366                hijack_ip_iter
                0x000000000045a3a5                hijack_get
                0x000000000045a425                hijack_del
                0x000000000045a487                hijack_add
                0x000000000045a4f7                hijack_clear_stat
                0x000000000045a566                log_path_set
                0x000000000045a5aa                log_path_get
                0x000000000045a5eb                get_hijack_table_ptr
                0x000000000045a615                hijack_get_start_time
                0x000000000045a620                hijack_init
 *fill*         0x000000000045a67f        0x1 90909090
 .text          0x000000000045a680      0xabf ../domain/libdomain.a(domain_cmd.o)
                0x000000000045ace7                domain_dump_vty
                0x000000000045b129                cmdline_domain_init
 *fill*         0x000000000045b13f        0x1 90909090
 .text          0x000000000045b140      0x3ec ../domain/libdomain.a(domain.o)
                0x000000000045b159                domain_hash_func
                0x000000000045b19e                domain_cmp_func
                0x000000000045b1f0                domain_init
                0x000000000045b21c                domain_get
                0x000000000045b297                domain_get_and_create
                0x000000000045b31e                domain_add
                0x000000000045b33d                domain_clear_func
                0x000000000045b36a                domain_del
                0x000000000045b3b4                domain_clear
                0x000000000045b3d3                domain_stat_clear_func
                0x000000000045b42d                domain_stat_clear
                0x000000000045b47c                domain_stat_clear_all
                0x000000000045b49b                domain_iter
                0x000000000045b4da                domain_domain_default_act_set
                0x000000000045b503                domain_domain_default_act_get
 *fill*         0x000000000045b52c        0x4 90909090
 .text          0x000000000045b530       0x99 /usr/lib64/libc_nonshared.a(elf-init.oS)
                0x000000000045b530                __libc_csu_fini
                0x000000000045b540                __libc_csu_init
 *fill*         0x000000000045b5c9        0x7 90909090
 .text          0x000000000045b5d0       0x10 /usr/lib64/libc_nonshared.a(stat.oS)
                0x000000000045b5d0                __stat
                0x000000000045b5d0                stat
 .text          0x000000000045b5e0       0x36 /usr/lib/gcc/x86_64-redhat-linux/4.4.7/crtend.o
 *fill*         0x000000000045b616        0x2 90909090
 .text          0x000000000045b618        0x0 /usr/lib/gcc/x86_64-redhat-linux/4.4.7/../../../../lib64/crtn.o
 *(.gnu.warning)

.fini           0x000000000045b618        0xe
 *(.fini)
 .fini          0x000000000045b618        0x4 /usr/lib/gcc/x86_64-redhat-linux/4.4.7/../../../../lib64/crti.o
                0x000000000045b618                _fini
 .fini          0x000000000045b61c        0x5 /usr/lib/gcc/x86_64-redhat-linux/4.4.7/crtbegin.o
 .fini          0x000000000045b621        0x5 /usr/lib/gcc/x86_64-redhat-linux/4.4.7/../../../../lib64/crtn.o
                0x000000000045b626                PROVIDE (__etext, .)
                0x000000000045b626                PROVIDE (_etext, .)
                0x000000000045b626                PROVIDE (etext, .)

.rodata         0x000000000045b640    0x1b69c
 *(.rodata .rodata.* .gnu.linkonce.r.*)
 .rodata.cst4   0x000000000045b640        0x4 /usr/lib/gcc/x86_64-redhat-linux/4.4.7/../../../../lib64/crt1.o
                0x000000000045b640                _IO_stdin_used
 *fill*         0x000000000045b644        0x4 00
 .rodata        0x000000000045b648        0x8 /usr/lib/gcc/x86_64-redhat-linux/4.4.7/crtbegin.o
                0x000000000045b648                __dso_handle
 .rodata        0x000000000045b650       0x19 naga_acl.o
 *fill*         0x000000000045b669        0x7 00
 .rodata        0x000000000045b670       0x43 main.o
 *fill*         0x000000000045b6b3        0x5 00
 .rodata        0x000000000045b6b8      0x37f ../cmdline/libcmdline.a(cmd.o)
 *fill*         0x000000000045ba37        0x9 00
 .rodata        0x000000000045ba40     0x3255 ../libzebra/libzebra.a(command.o)
 *fill*         0x000000000045ec95        0xb 00
 .rodata        0x000000000045eca0      0xb4c ../libzebra/libzebra.a(log.o)
 *fill*         0x000000000045f7ec       0x14 00
 .rodata        0x000000000045f800      0x7d4 ../libzebra/libzebra.a(memory.o)
 *fill*         0x000000000045ffd4        0x4 00
 .rodata        0x000000000045ffd8      0xbcd ../libzebra/libzebra.a(memtypes.o)
 *fill*         0x0000000000460ba5       0x1b 00
 .rodata        0x0000000000460bc0      0x120 ../libzebra/libzebra.a(sigevent.o)
 .rodata        0x0000000000460ce0      0xa84 ../libzebra/libzebra.a(thread.o)
 *fill*         0x0000000000461764        0xc 00
 .rodata        0x0000000000461770     0x12dc ../libzebra/libzebra.a(vty.o)
 *fill*         0x0000000000462a4c        0x4 00
 .rodata        0x0000000000462a50      0x244 ../libzebra/libzebra.a(workqueue.o)
 *fill*         0x0000000000462c94        0xc 00
 .rodata        0x0000000000462ca0      0x1d4 ../libzebra/libzebra.a(buffer.o)
 *fill*         0x0000000000462e74        0xc 00
 .rodata        0x0000000000462e80     0x3587 ../libzebra/libzebra.a(filter.o)
 *fill*         0x0000000000466407        0x9 00
 .rodata        0x0000000000466410       0x31 ../libzebra/libzebra.a(hash.o)
 *fill*         0x0000000000466441        0xf 00
 .rodata        0x0000000000466450      0x11f ../libzebra/libzebra.a(linklist.o)
 *fill*         0x000000000046656f        0x1 00
 .rodata        0x0000000000466570       0x54 ../libzebra/libzebra.a(network.o)
 *fill*         0x00000000004665c4       0x1c 00
 .rodata        0x00000000004665e0      0x8e5 ../libzebra/libzebra.a(prefix.o)
 *fill*         0x0000000000466ec5        0xb 00
 .rodata        0x0000000000466ed0      0x191 ../libzebra/libzebra.a(privs.o)
 *fill*         0x0000000000467061        0x7 00
 .rodata        0x0000000000467068      0x22d ../libzebra/libzebra.a(sockunion.o)
 *fill*         0x0000000000467295        0x3 00
 .rodata        0x0000000000467298      0x186 ../url/liburl.a(url_cmd.o)
 *fill*         0x000000000046741e        0x2 00
 .rodata        0x0000000000467420      0x923 ../vsr/libvsr.a(vsr_cmd.o)
 *fill*         0x0000000000467d43        0x5 00
 .rodata        0x0000000000467d48       0xc0 ../vsr/libvsr.a(vsr_cmd_api.o)
 .rodata        0x0000000000467e08       0x35 ../vsr/libvsr.a(vsr_api.o)
 .rodata        0x0000000000467e3d       0x2f ../vsr/libvsr.a(vsr_file.o)
 *fill*         0x0000000000467e6c        0x4 00
 .rodata        0x0000000000467e70       0x1f ../vsr/libvsr.a(vsr.o)
 *fill*         0x0000000000467e8f        0x1 00
 .rodata        0x0000000000467e90      0x1e0 ../vsr/libvsr.a(vsr_dp.o)
 .rodata        0x0000000000468070      0x145 ../pid/libpid.a(pid_http.o)
 *fill*         0x00000000004681b5        0xb 00
 .rodata        0x00000000004681c0      0xae8 ../http_parser/libhttp_parser.a(http_parser.o)
 .rodata.str1.1
                0x0000000000468ca8      0x5c5 ../http_parser/libhttp_parser.a(http_parser.o)
                                        0x5f6 (size before relaxing)
 *fill*         0x000000000046926d        0x3 00
 .rodata.str1.8
                0x0000000000469270      0x3ae ../http_parser/libhttp_parser.a(http_parser.o)
 *fill*         0x000000000046961e        0x2 00
 .rodata        0x0000000000469620      0x1c4 ../itf/libitf.a(itf_pcap.o)
 *fill*         0x00000000004697e4       0x1c 00
 .rodata        0x0000000000469800      0x518 ../itf/libitf.a(itf_cmd.o)
 .rodata        0x0000000000469d18       0x31 ../dmr/libdmr.a(dmr_dp.o)
 *fill*         0x0000000000469d49        0x7 00
 .rodata        0x0000000000469d50      0xa13 ../dmr/libdmr.a(dmr_cmd.o)
 *fill*         0x000000000046a763        0x5 00
 .rodata        0x000000000046a768      0x4f7 ../acr/libacr.a(acr_cmd.o)
 .rodata        0x000000000046ac5f       0x33 ../acr/libacr.a(acr_dp.o)
 *fill*         0x000000000046ac92        0x6 00
 .rodata        0x000000000046ac98      0x322 ../boots/libboots.a(bts_debug.o)
 *fill*         0x000000000046afba        0x6 00
 .rodata        0x000000000046afc0      0x7e9 ../boots/libboots.a(bts_cnt.o)
 *fill*         0x000000000046b7a9        0x7 00
 .rodata        0x000000000046b7b0      0x468 ../boots/libboots.a(bts_cmd.o)
 *fill*         0x000000000046bc18        0x8 00
 .rodata        0x000000000046bc20     0x3a78 ../boots/libboots.a(bts_hash.o)
 *fill*         0x000000000046f698        0x8 00
 .rodata        0x000000000046f6a0      0x1e6 ../boots/libboots.a(bts_linklist.o)
 .rodata        0x000000000046f886       0x1a ../boots/libboots.a(bts_util.o)
 .rodata        0x000000000046f8a0       0x81 ../pub/libpub.a(naga_util.o)
 *fill*         0x000000000046f921        0xf 00
 .rodata        0x000000000046f930      0x9c1 ../urlr/liburlr.a(urlr_cmd.o)
 *fill*         0x00000000004702f1        0x7 00
 .rodata        0x00000000004702f8      0x113 ../mask/libmask.a(mask.o)
 *fill*         0x000000000047040b        0x5 00
 .rodata        0x0000000000470410       0xe5 ../mask/libmask.a(mask_cmd.o)
 .rodata        0x00000000004704f5       0x50 ../adp/libadp.a(nag_adp.o)
 *fill*         0x0000000000470545        0x3 00
 .rodata        0x0000000000470548      0x410 ../adp/libadp.a(adp_cmd.o)
 *fill*         0x0000000000470958        0x8 00
 .rodata        0x0000000000470960       0x80 ../template/libtemp.a(packet.o)
 .rodata        0x00000000004709e0      0x44a ../template/libtemp.a(packet_http.o)
 *fill*         0x0000000000470e2a        0x6 00
 .rodata        0x0000000000470e30      0x358 ../template/libtemp.a(adt_cmd.o)
 .rodata        0x0000000000471188       0xd8 ../debug/libdebug.a(dbg_tagmon.o)
 .rodata        0x0000000000471260      0x721 ../netseg/libnetseg.a(netseg_cmd.o)
 *fill*         0x0000000000471981        0xf 00
 .rodata        0x0000000000471990      0x17d ../netseg/libnetseg.a(netseg.o)
 *fill*         0x0000000000471b0d        0x3 00
 .rodata        0x0000000000471b10      0x5c1 ../dnet/libdnetseg.a(dnet_cmd.o)
 *fill*         0x00000000004720d1        0xf 00
 .rodata        0x00000000004720e0      0x181 ../dnet/libdnetseg.a(dnet.o)
 *fill*         0x0000000000472261       0x1f 00
 .rodata        0x0000000000472280     0x2e36 ../pcre-m/libpcre.a(pcre_compile.o)
 .rodata.str1.1
                0x00000000004750b6       0x4b ../pcre-m/libpcre.a(pcre_compile.o)
                                         0x5e (size before relaxing)
 *fill*         0x0000000000475101        0x7 00
 .rodata.str1.8
                0x0000000000475108       0x28 ../pcre-m/libpcre.a(pcre_compile.o)
                                         0x25 (size before relaxing)
 .rodata        0x0000000000475130      0x664 ../pcre-m/libpcre.a(pcre_exec.o)
 *fill*         0x0000000000475794        0xc 00
 .rodata        0x00000000004757a0       0x9b ../pcre-m/libpcre.a(pcre_tables.o)
                0x00000000004757a0                _pcre_OP_lengths
 *fill*         0x000000000047583b        0x5 00
 .rodata        0x0000000000475840      0x440 ../pcre-m/libpcre.a(pcre_chartables.o)
                0x0000000000475840                _pcre_default_tables
 .rodata        0x0000000000475c80      0x146 ../hijack/libhijack.a(naga_hijack.o)
 *fill*         0x0000000000475dc6        0x2 00
 .rodata        0x0000000000475dc8      0x9b0 ../hijack/libhijack.a(hijack_cmd.o)
 .rodata        0x0000000000476778       0xb3 ../hijack/libhijack.a(hijack.o)
 *fill*         0x000000000047682b        0x5 00
 .rodata        0x0000000000476830      0x4ac ../domain/libdomain.a(domain_cmd.o)

.rodata1
 *(.rodata1)

.eh_frame_hdr   0x0000000000476cdc     0x285c
 *(.eh_frame_hdr)
 .eh_frame_hdr  0x0000000000476cdc     0x285c naga_fct.o

.eh_frame       0x0000000000479538     0xabec
 *(.eh_frame)
 .eh_frame      0x0000000000479538       0x38 naga_fct.o
 .eh_frame      0x0000000000479570       0x60 naga_acl.o
                                         0x78 (size before relaxing)
 .eh_frame      0x00000000004795d0       0x40 main.o
                                         0x58 (size before relaxing)
 .eh_frame      0x0000000000479610       0x20 main_data.o
                                         0x38 (size before relaxing)
 .eh_frame      0x0000000000479630      0x100 ../cmdline/libcmdline.a(cmd.o)
                                        0x110 (size before relaxing)
 .eh_frame      0x0000000000479730      0xfc0 ../libzebra/libzebra.a(command.o)
                                        0xf80 (size before relaxing)
 .eh_frame      0x000000000047a6f0      0x548 ../libzebra/libzebra.a(log.o)
                                        0x538 (size before relaxing)
 .eh_frame      0x000000000047ac38      0x378 ../libzebra/libzebra.a(memory.o)
                                        0x388 (size before relaxing)
 .eh_frame      0x000000000047afb0      0x100 ../libzebra/libzebra.a(sigevent.o)
                                        0x110 (size before relaxing)
 .eh_frame      0x000000000047b0b0      0x778 ../libzebra/libzebra.a(thread.o)
                                        0x740 (size before relaxing)
 .eh_frame      0x000000000047b828      0x1a0 ../libzebra/libzebra.a(vector.o)
                                        0x1b8 (size before relaxing)
 .eh_frame      0x000000000047b9c8      0xcb0 ../libzebra/libzebra.a(vty.o)
                                        0xc70 (size before relaxing)
 .eh_frame      0x000000000047c678      0x188 ../libzebra/libzebra.a(workqueue.o)
                                        0x1a0 (size before relaxing)
 .eh_frame      0x000000000047c800      0x1a8 ../libzebra/libzebra.a(buffer.o)
                                        0x1c0 (size before relaxing)
 .eh_frame      0x000000000047c9a8      0xac8 ../libzebra/libzebra.a(filter.o)
                                        0xab0 (size before relaxing)
 .eh_frame      0x000000000047d470      0x160 ../libzebra/libzebra.a(hash.o)
                                        0x178 (size before relaxing)
 .eh_frame      0x000000000047d5d0      0x220 ../libzebra/libzebra.a(linklist.o)
                                        0x238 (size before relaxing)
 .eh_frame      0x000000000047d7f0       0x60 ../libzebra/libzebra.a(network.o)
                                         0x78 (size before relaxing)
 .eh_frame      0x000000000047d850      0x118 ../libzebra/libzebra.a(pqueue.o)
                                        0x128 (size before relaxing)
 .eh_frame      0x000000000047d968      0x500 ../libzebra/libzebra.a(prefix.o)
                                        0x508 (size before relaxing)
 .eh_frame      0x000000000047de68       0xe0 ../libzebra/libzebra.a(privs.o)
                                         0xf8 (size before relaxing)
 .eh_frame      0x000000000047df48      0x378 ../libzebra/libzebra.a(sockunion.o)
 .eh_frame      0x000000000047e2c0      0x1a8 ../url/liburl.a(url.o)
                                        0x1c0 (size before relaxing)
 .eh_frame      0x000000000047e468      0x190 ../url/liburl.a(url_cmd.o)
 .eh_frame      0x000000000047e5f8      0x400 ../vsr/libvsr.a(vsr_cmd.o)
                                        0x3e8 (size before relaxing)
 .eh_frame      0x000000000047e9f8      0x1b8 ../vsr/libvsr.a(vsr_cmd_api.o)
                                        0x1c8 (size before relaxing)
 .eh_frame      0x000000000047ebb0      0x200 ../vsr/libvsr.a(vsr_api.o)
                                        0x208 (size before relaxing)
 .eh_frame      0x000000000047edb0       0x48 ../vsr/libvsr.a(vsr_file.o)
                                         0x60 (size before relaxing)
 .eh_frame      0x000000000047edf8      0x5f8 ../vsr/libvsr.a(vsr.o)
                                        0x608 (size before relaxing)
 .eh_frame      0x000000000047f3f0       0xb0 ../vsr/libvsr.a(vsr_dp.o)
                                         0xc0 (size before relaxing)
 .eh_frame      0x000000000047f4a0       0x20 ../pid/libpid.a(pid.o)
                                         0x38 (size before relaxing)
 .eh_frame      0x000000000047f4c0       0x48 ../pid/libpid.a(pid_ethernet.o)
                                         0x60 (size before relaxing)
 .eh_frame      0x000000000047f508       0x48 ../pid/libpid.a(pid_outerIp4.o)
                                         0x60 (size before relaxing)
 .eh_frame      0x000000000047f550       0x20 ../pid/libpid.a(pid_l4.o)
                                         0x38 (size before relaxing)
 .eh_frame      0x000000000047f570       0x48 ../pid/libpid.a(pid_tcp.o)
                                         0x60 (size before relaxing)
 .eh_frame      0x000000000047f5b8       0x40 ../pid/libpid.a(pid_udp.o)
                                         0x58 (size before relaxing)
 .eh_frame      0x000000000047f5f8       0x60 ../pid/libpid.a(pid_gre.o)
                                         0x78 (size before relaxing)
 .eh_frame      0x000000000047f658       0x98 ../pid/libpid.a(pid_http.o)
                                         0xa8 (size before relaxing)
 .eh_frame      0x000000000047f6f0       0x48 ../pid/libpid.a(pid_innerIp4.o)
                                         0x60 (size before relaxing)
 .eh_frame      0x000000000047f738      0x1b0 ../http_parser/libhttp_parser.a(http_parser.o)
                                        0x198 (size before relaxing)
 .eh_frame      0x000000000047f8e8      0x170 ../itf/libitf.a(itf_pcap.o)
                                        0x180 (size before relaxing)
 .eh_frame      0x000000000047fa58      0x168 ../itf/libitf.a(itf_cmd.o)
                                        0x170 (size before relaxing)
 .eh_frame      0x000000000047fbc0       0xe0 ../itf/libitf.a(itf_stat.o)
                                         0xf8 (size before relaxing)
 .eh_frame      0x000000000047fca0       0x60 ../dmr/libdmr.a(dmr_dp.o)
                                         0x78 (size before relaxing)
 .eh_frame      0x000000000047fd00      0x458 ../dmr/libdmr.a(dmr_cmd.o)
                                        0x438 (size before relaxing)
 .eh_frame      0x0000000000480158      0x1e0 ../dmr/libdmr.a(dmr.o)
                                        0x1f8 (size before relaxing)
 .eh_frame      0x0000000000480338      0x338 ../acr/libacr.a(acr_cmd.o)
                                        0x328 (size before relaxing)
 .eh_frame      0x0000000000480670      0x1c0 ../acr/libacr.a(acr.o)
                                        0x1d8 (size before relaxing)
 .eh_frame      0x0000000000480830       0x60 ../acr/libacr.a(acr_dp.o)
                                         0x78 (size before relaxing)
 .eh_frame      0x0000000000480890       0xe0 ../boots/libboots.a(bts_debug.o)
                                         0xf8 (size before relaxing)
 .eh_frame      0x0000000000480970      0x140 ../boots/libboots.a(bts_cnt.o)
                                        0x158 (size before relaxing)
 .eh_frame      0x0000000000480ab0      0x2a0 ../boots/libboots.a(bts_cmd.o)
                                        0x298 (size before relaxing)
 .eh_frame      0x0000000000480d50      0x1a8 ../boots/libboots.a(bts_hash.o)
                                        0x1c0 (size before relaxing)
 .eh_frame      0x0000000000480ef8      0x120 ../boots/libboots.a(bts_hashtable.o)
                                        0x138 (size before relaxing)
 .eh_frame      0x0000000000481018      0x300 ../boots/libboots.a(bts_linklist.o)
                                        0x318 (size before relaxing)
 .eh_frame      0x0000000000481318       0xa8 ../boots/libboots.a(bts_util.o)
                                         0xc0 (size before relaxing)
 .eh_frame      0x00000000004813c0       0x88 ../pub/libpub.a(naga_util.o)
                                         0xa0 (size before relaxing)
 .eh_frame      0x0000000000481448      0x458 ../urlr/liburlr.a(urlr_cmd.o)
                                        0x438 (size before relaxing)
 .eh_frame      0x00000000004818a0      0x1e0 ../urlr/liburlr.a(urlr.o)
                                        0x1f8 (size before relaxing)
 .eh_frame      0x0000000000481a80       0xa0 ../mask/libmask.a(mask.o)
                                         0xb8 (size before relaxing)
 .eh_frame      0x0000000000481b20       0xd8 ../mask/libmask.a(mask_cmd.o)
                                         0xe8 (size before relaxing)
 .eh_frame      0x0000000000481bf8      0x1a0 ../adp/libadp.a(nag_adp.o)
                                        0x1b8 (size before relaxing)
 .eh_frame      0x0000000000481d98      0x198 ../adp/libadp.a(adp_cmd.o)
                                        0x1a8 (size before relaxing)
 .eh_frame      0x0000000000481f30      0x288 ../template/libtemp.a(packet.o)
                                        0x2a0 (size before relaxing)
 .eh_frame      0x00000000004821b8      0x248 ../template/libtemp.a(packet_http.o)
                                        0x250 (size before relaxing)
 .eh_frame      0x0000000000482400      0x168 ../template/libtemp.a(adt_cmd.o)
                                        0x170 (size before relaxing)
 .eh_frame      0x0000000000482568       0x48 ../debug/libdebug.a(dbg_tagmon.o)
                                         0x60 (size before relaxing)
 .eh_frame      0x00000000004825b0      0x308 ../netseg/libnetseg.a(netseg_cmd.o)
                                        0x2f8 (size before relaxing)
 .eh_frame      0x00000000004828b8      0x1c0 ../netseg/libnetseg.a(netseg.o)
                                        0x1d8 (size before relaxing)
 .eh_frame      0x0000000000482a78      0x2b8 ../dnet/libdnetseg.a(dnet_cmd.o)
                                        0x2a8 (size before relaxing)
 .eh_frame      0x0000000000482d30      0x1c0 ../dnet/libdnetseg.a(dnet.o)
                                        0x1d8 (size before relaxing)
 .eh_frame      0x0000000000482ef0      0x428 ../pcre-m/libpcre.a(pcre_compile.o)
                                        0x420 (size before relaxing)
 .eh_frame      0x0000000000483318       0xb8 ../pcre-m/libpcre.a(pcre_exec.o)
                                         0xd0 (size before relaxing)
 .eh_frame      0x00000000004833d0       0x30 ../pcre-m/libpcre.a(pcre_newline.o)
                                         0x40 (size before relaxing)
 .eh_frame      0x0000000000483400       0x78 ../pcre-m/libpcre.a(pcre_try_flipped.o)
                                         0x88 (size before relaxing)
 .eh_frame      0x0000000000483478      0x158 ../hijack/libhijack.a(naga_hijack.o)
                                        0x160 (size before relaxing)
 .eh_frame      0x00000000004835d0      0x3e0 ../hijack/libhijack.a(hijack_cmd.o)
                                        0x3d8 (size before relaxing)
 .eh_frame      0x00000000004839b0      0x400 ../hijack/libhijack.a(hijack.o)
                                        0x418 (size before relaxing)
 .eh_frame      0x0000000000483db0      0x118 ../domain/libdomain.a(domain_cmd.o)
                                        0x128 (size before relaxing)
 .eh_frame      0x0000000000483ec8      0x200 ../domain/libdomain.a(domain.o)
                                        0x218 (size before relaxing)
 .eh_frame      0x00000000004840c8       0x40 /usr/lib64/libc_nonshared.a(elf-init.oS)
                                         0x58 (size before relaxing)
 .eh_frame      0x0000000000484108       0x18 /usr/lib64/libc_nonshared.a(stat.oS)
                                         0x30 (size before relaxing)
 .eh_frame      0x0000000000484120        0x4 /usr/lib/gcc/x86_64-redhat-linux/4.4.7/crtend.o

.gcc_except_table
 *(.gcc_except_table .gcc_except_table.*)
                0x0000000000484124                . = (ALIGN (0x200000) - ((0x200000 - .) & 0x1fffff))
                0x0000000000684124                . = (0x200000 DATA_SEGMENT_ALIGN 0x1000)

.eh_frame
 *(.eh_frame)

.gcc_except_table
 *(.gcc_except_table .gcc_except_table.*)

.tdata
 *(.tdata .tdata.* .gnu.linkonce.td.*)

.tbss
 *(.tbss .tbss.* .gnu.linkonce.tb.*)
 *(.tcommon)

.preinit_array  0x0000000000684124        0x0
                0x0000000000684124                PROVIDE (__preinit_array_start, .)
 *(.preinit_array)
                0x0000000000684124                PROVIDE (__preinit_array_end, .)

.init_array     0x0000000000684124        0x0
                0x0000000000684124                PROVIDE (__init_array_start, .)
 *(SORT(.init_array.*))
 *(.init_array)
                0x0000000000684124                PROVIDE (__init_array_end, .)

.fini_array     0x0000000000684124        0x0
                0x0000000000684124                PROVIDE (__fini_array_start, .)
 *(.fini_array)
 *(SORT(.fini_array.*))
                0x0000000000684124                PROVIDE (__fini_array_end, .)

.ctors          0x0000000000684128       0x18
 *crtbegin.o(.ctors)
 .ctors         0x0000000000684128        0x8 /usr/lib/gcc/x86_64-redhat-linux/4.4.7/crtbegin.o
 *crtbegin?.o(.ctors)
 *(EXCLUDE_FILE(*crtend?.o *crtend.o) .ctors)
 .ctors         0x0000000000684130        0x8 ../boots/libboots.a(bts_hash.o)
 *(SORT(.ctors.*))
 *(.ctors)
 .ctors         0x0000000000684138        0x8 /usr/lib/gcc/x86_64-redhat-linux/4.4.7/crtend.o

.dtors          0x0000000000684140       0x10
 *crtbegin.o(.dtors)
 .dtors         0x0000000000684140        0x8 /usr/lib/gcc/x86_64-redhat-linux/4.4.7/crtbegin.o
 *crtbegin?.o(.dtors)
 *(EXCLUDE_FILE(*crtend?.o *crtend.o) .dtors)
 *(SORT(.dtors.*))
 *(.dtors)
 .dtors         0x0000000000684148        0x8 /usr/lib/gcc/x86_64-redhat-linux/4.4.7/crtend.o
                0x0000000000684148                __DTOR_END__

.jcr            0x0000000000684150        0x8
 *(.jcr)
 .jcr           0x0000000000684150        0x0 /usr/lib/gcc/x86_64-redhat-linux/4.4.7/crtbegin.o
 .jcr           0x0000000000684150        0x8 /usr/lib/gcc/x86_64-redhat-linux/4.4.7/crtend.o

.data.rel.ro
 *(.data.rel.ro.local* .gnu.linkonce.d.rel.ro.local.*)
 *(.data.rel.ro* .gnu.linkonce.d.rel.ro.*)

.dynamic        0x0000000000684158      0x210
 *(.dynamic)
 .dynamic       0x0000000000684158      0x210 /usr/lib/gcc/x86_64-redhat-linux/4.4.7/../../../../lib64/crt1.o
                0x0000000000684158                _DYNAMIC

.got            0x0000000000684368        0x8
 *(.got)
 .got           0x0000000000684368        0x8 /usr/lib/gcc/x86_64-redhat-linux/4.4.7/../../../../lib64/crt1.o
 *(.igot)
                0x0000000000684370                . = (. DATA_SEGMENT_RELRO_END 0x18)

.got.plt        0x0000000000684370      0x4d8
 *(.got.plt)
 .got.plt       0x0000000000684370      0x4d8 /usr/lib/gcc/x86_64-redhat-linux/4.4.7/../../../../lib64/crt1.o
                0x0000000000684370                _GLOBAL_OFFSET_TABLE_
 *(.igot.plt)